git commands
replace <> with the prompt.DONT INCLUDE THESE '<.>'


$ git config --global user.name "<your-username>"


$ git config --global user.email "<your email>"


$ mkdir testing


$ cd testing

/testing
$ git init
Initialized empty Git repository 


$ git status
Check Status

$ #ls for hidden files


$ ls -a

$ cd .git

$ ls

$ cd ..
 #previous directory


$ touch a.txt
Create a new file

$ git status
To check status of repo.

# to add a file to git to track it

$ git add a.txt


$ git status
On branch master

No commits yet

Changes to be committed:
  (use "git rm --cached <file>..." to unstage)
        new file:   a.txt

#to commit


$ git commit -m " <MESSAGE> "
[master (root-commit) dba32fd]  TRIED USING GIT
 1 file changed, 0 insertions(+), 0 deletions(-)
 create mode 100644 a.txt

$ git status
On branch master
nothing to commit, working tree clean

$ git diff

$ git log
Displays log of contributions

$ git diff


$ git reset --hard
Reset all commits

$ git remote add origin "<copied link of repo>"


$ git remote -v


$ git push origin master
uploads the local repo to the repo on github


