git commands



$ git config --global user.name "himanshu007-creator"


$ git config --global user.email "addyjeridiq@gmail.com"


$ mkdir testing


$ cd testing

/testing
$ git init
Initialized empty Git repository in C:/Users/DELL/OneDrive/Desktop/testing/.git/


$ git status
On branch master

No commits yeth

nothing to commit (create/copy files and use "git add" to track)


$ #ls for hidden files


$ ls -a
./  ../  .git/


$ cd .git

/testing/.git (GIT_DIR!)
$ ls
HEAD  config  description  hooks/  info/  objects/  refs/

/testing/.git (GIT_DIR!)
$ cd ..


$ #previous directory


$ touch a.txt


$ git status
On branch master

No commits yet

Untracked files:
  (use "git add <file>..." to include in what will be committed)
        a.txt

nothing added to commit but untracked files present (use "git add" to track)


$ # to add a file to git to track it


$ git add a.txt


$ git status
On branch master

No commits yet

Changes to be committed:
  (use "git rm --cached <file>..." to unstage)
        new file:   a.txt



$ #to commit


$ git commit -m " TRIED USING GIT"
[master (root-commit) dba32fd]  TRIED USING GIT
 1 file changed, 0 insertions(+), 0 deletions(-)
 create mode 100644 a.txt


$ got status
bash: got: command not found


$ git status
On branch master
nothing to commit, working tree clean


$ git diff

$ git log
commit dba32fdac08e2ef040769b764f82738012f94957 (HEAD -> master)
Author: himanshu007-creator <addyjeridiq@gmail.com>
Date:   Mon Feb 8 19:04:53 2021 +0530

     TRIED USING GIT


$ git diff


$ git hard reset
git: 'hard' is not a git command. See 'git --help'.

The most similar commands are
        add
        var


$ git reset --hard
HEAD is now at dba32fd  TRIED USING GIT


$ git remote add origin https://github.com/himanshu007-creator/trial.git


$ git remote -v
origin  https://github.com/himanshu007-creator/trial.git (fetch)
origin  https://github.com/himanshu007-creator/trial.git (push)


$ git push origin master
Enumerating objects: 3, done.
Counting objects: 100% (3/3), done.
Writing objects: 100% (3/3), 227 bytes | 75.00 KiB/s, done.
Total 3 (delta 0), reused 0 (delta 0), pack-reused 0
To https://github.com/himanshu007-creator/trial.git
 * [new branch]      master -> master


